\BOOKMARK [1][-]{section*.1}{\376\377\0001\000\040\000I\000n\000t\000r\000o\000d\000u\000c\000t\000i\000o\000n}{}% 1
\BOOKMARK [1][-]{section*.2}{\376\377\0002\000\040\000R\000e\000l\000a\000t\000e\000d\000\040\000w\000o\000r\000k}{}% 2
\BOOKMARK [1][-]{section*.3}{\376\377\0003\000\040\000T\000h\000r\000e\000a\000t\000\040\000m\000o\000d\000e\000l\000\040\000a\000n\000d\000\040\000t\000e\000s\000t\000b\000e\000d}{}% 3
\BOOKMARK [2][-]{section*.4}{\376\377\0003\000.\0001\000\040\000T\000h\000r\000e\000a\000t\000\040\000m\000o\000d\000e\000l}{section*.3}% 4
\BOOKMARK [2][-]{section*.5}{\376\377\0003\000.\0002\000\040\000T\000e\000s\000t\000b\000e\000d}{section*.3}% 5
\BOOKMARK [1][-]{section*.6}{\376\377\0004\000\040\000C\000a\000n\000d\000i\000d\000a\000t\000e\000\040\000m\000e\000a\000s\000u\000r\000e\000m\000e\000n\000t\000\040\000r\000u\000l\000e\000s\000\040\000f\000o\000r\000\040\000d\000e\000f\000e\000n\000s\000e\000\040\000e\000v\000a\000l\000u\000a\000t\000i\000o\000n}{}% 6
\BOOKMARK [2][-]{section*.7}{\376\377\0004\000.\0001\000\040\000S\000c\000o\000r\000e\000\040\000w\000h\000a\000t\000\040\000r\000e\000a\000c\000h\000e\000d\000\040\000t\000h\000e\000\040\000e\000x\000e\000c\000u\000t\000o\000r\000,\000\040\000n\000o\000t\000\040\000w\000h\000a\000t\000\040\000t\000h\000e\000\040\000m\000o\000d\000e\000l\000\040\000p\000r\000o\000p\000o\000s\000e\000d}{section*.6}% 7
\BOOKMARK [2][-]{section*.8}{\376\377\0004\000.\0002\000\040\000A\000\040\000p\000r\000e\000-\000t\000a\000r\000g\000e\000t\000\040\000b\000l\000o\000c\000k\000\040\000i\000s\000\040\000a\000\040\000d\000e\000f\000e\000n\000s\000e\000\040\000o\000u\000t\000c\000o\000m\000e\000,\000\040\000n\000o\000t\000\040\000a\000\040\000d\000e\000l\000i\000v\000e\000r\000y\000\040\000f\000a\000i\000l\000u\000r\000e}{section*.6}% 8
\BOOKMARK [2][-]{section*.9}{\376\377\0004\000.\0003\000\040\000A\000n\000\040\000a\000t\000t\000a\000c\000k\000\040\000s\000c\000e\000n\000a\000r\000i\000o\000\040\000m\000u\000s\000t\000\040\000c\000o\000n\000t\000a\000i\000n\000\040\000a\000n\000\040\000a\000t\000t\000a\000c\000k\000e\000r\000-\000c\000o\000n\000t\000r\000o\000l\000l\000e\000d\000\040\000e\000f\000f\000e\000c\000t\000\040\000\050\000M\0003\000\051}{section*.6}% 9
\BOOKMARK [2][-]{section*.10}{\376\377\0004\000.\0004\000\040\000S\000c\000e\000n\000a\000r\000i\000o\000\040\000a\000u\000t\000h\000o\000r\000s\000h\000i\000p\000\040\000m\000u\000s\000t\000\040\000b\000e\000\040\000i\000n\000d\000e\000p\000e\000n\000d\000e\000n\000t\000\040\000o\000f\000\040\000d\000e\000t\000e\000c\000t\000o\000r\000\040\000d\000e\000v\000e\000l\000o\000p\000m\000e\000n\000t\000\040\000\050\000M\0004\000\051}{section*.6}% 10
\BOOKMARK [2][-]{section*.11}{\376\377\0004\000.\0005\000\040\000R\000e\000p\000o\000r\000t\000\040\000s\000u\000s\000c\000e\000p\000t\000i\000b\000i\000l\000i\000t\000y\000\040\000p\000e\000r\000\040\000m\000o\000d\000e\000l\000,\000\040\000a\000n\000d\000\040\000c\000o\000u\000n\000t\000\040\000a\000c\000t\000i\000o\000n\000s\000,\000\040\000n\000o\000t\000\040\000c\000l\000a\000i\000m\000s}{section*.6}% 11
\BOOKMARK [2][-]{section*.12}{\376\377\0004\000.\0006\000\040\000S\000u\000m\000m\000a\000r\000y\000\040\000o\000f\000\040\000t\000h\000e\000\040\000r\000u\000l\000e\000s}{section*.6}% 12
\BOOKMARK [2][-]{section*.13}{\376\377\0004\000.\0007\000\040\000A\000\040\000s\000i\000x\000t\000h\000\040\000c\000h\000e\000c\000k\000\040\000f\000o\000u\000n\000d\000\040\000o\000n\000\040\000h\000e\000l\000d\000-\000o\000u\000t\000\040\000d\000a\000t\000a\000\040\000\050\000M\0006\000,\000\040\000p\000r\000e\000l\000i\000m\000i\000n\000a\000r\000y\000\051\000:\000\040\000i\000s\000\040\000t\000h\000e\000\040\000d\000e\000f\000e\000n\000s\000e\000\040\000a\000p\000p\000l\000i\000e\000d\000\040\000t\000o\000\040\000t\000h\000e\000\040\000u\000n\000t\000r\000u\000s\000t\000e\000d\000\040\000c\000h\000a\000n\000n\000e\000l\000?}{section*.6}% 13
\BOOKMARK [1][-]{section*.14}{\376\377\0005\000\040\000E\000x\000p\000e\000r\000i\000m\000e\000n\000t\000s}{}% 14
\BOOKMARK [2][-]{section*.15}{\376\377\0005\000.\0001\000\040\000D\000e\000f\000e\000n\000s\000e\000s\000\040\000u\000n\000d\000e\000r\000\040\000t\000e\000s\000t}{section*.14}% 15
\BOOKMARK [2][-]{section*.16}{\376\377\0005\000.\0002\000\040\000E\0001\000:\000\040\000f\000r\000o\000z\000e\000n\000\040\000j\000u\000d\000g\000e\000-\000s\000c\000o\000r\000e\000d\000\040\000t\000r\000a\000c\000k\000s\000\040\000\050\000r\000e\000-\000a\000n\000a\000l\000y\000z\000e\000d\000\040\000o\000f\000f\000l\000i\000n\000e\000\051}{section*.14}% 16
\BOOKMARK [2][-]{section*.17}{\376\377\0005\000.\0003\000\040\000E\0002\000:\000\040\000e\000x\000p\000l\000o\000r\000a\000t\000o\000r\000y\000\040\000f\000o\000u\000r\000-\000a\000r\000m\000\040\000r\000u\000n\000\040\000o\000n\000\040\000t\000h\000e\000\040\000o\000r\000i\000g\000i\000n\000a\000l\000\040\000s\000c\000e\000n\000a\000r\000i\000o\000s}{section*.14}% 17
\BOOKMARK [2][-]{section*.18}{\376\377\0005\000.\0004\000\040\000E\0003\000:\000\040\000p\000a\000r\000t\000i\000a\000l\000l\000y\000\040\000i\000n\000d\000e\000p\000e\000n\000d\000e\000n\000t\000\040\000a\000t\000t\000a\000c\000k\000\040\000s\000e\000t}{section*.14}% 18
\BOOKMARK [2][-]{section*.19}{\376\377\0005\000.\0004\000b\000\040\000E\0004\000:\000\040\000h\000e\000l\000d\000-\000o\000u\000t\000\040\000a\000p\000p\000l\000i\000c\000a\000t\000i\000o\000n\000\040\000a\000n\000d\000\040\000t\000a\000r\000g\000e\000t\000e\000d\000\040\000r\000e\000-\000r\000u\000n}{section*.14}% 19
\BOOKMARK [2][-]{section*.20}{\376\377\0005\000.\0005\000\040\000S\000t\000a\000t\000i\000s\000t\000i\000c\000s\000,\000\040\000p\000r\000e\000-\000r\000e\000g\000i\000s\000t\000r\000a\000t\000i\000o\000n\000\040\000s\000t\000a\000t\000u\000s\000\040\000a\000n\000d\000\040\000r\000e\000p\000r\000o\000d\000u\000c\000i\000b\000i\000l\000i\000t\000y}{section*.14}% 20
\BOOKMARK [2][-]{section*.21}{\376\377\0005\000.\0006\000\040\000E\000x\000t\000e\000r\000n\000a\000l\000\040\000t\000e\000s\000t\000:\000\040\000l\000o\000c\000a\000l\000l\000y\000\040\000d\000r\000a\000f\000t\000e\000d\000\040\000p\000r\000o\000t\000o\000c\000o\000l\000\040\000\050\000I\000n\000j\000e\000c\000A\000g\000e\000n\000t\000\040\000p\000a\000r\000t\000\040\000r\000e\000p\000o\000r\000t\000e\000d\000\040\000i\000n\000\040\0006\000.\0006\000\051}{section*.14}% 21
\BOOKMARK [1][-]{section*.22}{\376\377\0006\000\040\000R\000e\000s\000u\000l\000t\000s}{}% 22
\BOOKMARK [2][-]{section*.23}{\376\377\0006\000.\0001\000\040\000E\0001\000:\000\040\000t\000h\000e\000\040\000j\000u\000d\000g\000e\000\040\000a\000n\000d\000\040\000t\000h\000e\000\040\000t\000o\000o\000l\000\040\000l\000a\000y\000e\000r\000\040\000d\000i\000s\000a\000g\000r\000e\000e\000,\000\040\000o\000n\000\040\000a\000t\000t\000a\000c\000k\000\040\000s\000u\000c\000c\000e\000s\000s\000\040\000a\000n\000d\000\040\000o\000n\000\040\000b\000e\000n\000i\000g\000n\000\040\000u\000t\000i\000l\000i\000t\000y}{section*.22}% 23
\BOOKMARK [2][-]{section*.24}{\376\377\0006\000.\0002\000\040\000E\0002\000:\000\040\000t\000h\000e\000\040\000s\000a\000m\000e\000\040\000t\000r\000a\000c\000e\000s\000\040\000u\000n\000d\000e\000r\000\040\000f\000o\000u\000r\000\040\000s\000c\000o\000r\000i\000n\000g\000\040\000r\000u\000l\000e\000s\000\040\000\050\000F\000i\000g\000.\000\040\0001\000\051}{section*.22}% 24
\BOOKMARK [2][-]{section*.25}{\376\377\0006\000.\0003\000\040\000E\0003\000:\000\040\000p\000a\000r\000t\000i\000a\000l\000l\000y\000\040\000i\000n\000d\000e\000p\000e\000n\000d\000e\000n\000t\000\040\000f\000a\000m\000i\000l\000i\000e\000s\000\040\000\050\000F\000i\000g\000s\000.\000\040\0002\000\040\000a\000n\000d\000\040\0003\000\051}{section*.22}% 25
\BOOKMARK [2][-]{section*.26}{\376\377\0006\000.\0004\000\040\000S\000y\000n\000t\000h\000e\000s\000i\000s}{section*.22}% 26
\BOOKMARK [2][-]{section*.27}{\376\377\0006\000.\0005\000\040\000H\000e\000l\000d\000-\000o\000u\000t\000\040\000a\000p\000p\000l\000i\000c\000a\000t\000i\000o\000n\000\040\000o\000f\000\040\000t\000h\000e\000\040\000r\000u\000l\000e\000s\000\040\000\050\000M\000T\0001\000\040\000r\0001\000\051}{section*.22}% 27
\BOOKMARK [2][-]{section*.28}{\376\377\0006\000.\0006\000\040\000E\000x\000t\000e\000r\000n\000a\000l\000\040\000t\000e\000s\000t\000:\000\040\000c\000o\000r\000r\000o\000b\000o\000r\000a\000t\000i\000o\000n\000\040\000o\000f\000\040\000m\000e\000a\000s\000u\000r\000e\000m\000e\000n\000t\000-\000l\000e\000v\000e\000l\000\040\000e\000f\000f\000e\000c\000t\000s\000\040\000\050\000I\000n\000j\000e\000c\000A\000g\000e\000n\000t\000\040\000r\000u\000n\000,\000\040\0002\0000\0002\0006\000-\0001\0000\000-\0000\0001\000\051}{section*.22}% 28
\BOOKMARK [2][-]{section*.29}{\376\377\0006\000.\0007\000\040\000C\000a\000l\000i\000b\000r\000a\000t\000i\000o\000n\000\040\000b\000e\000f\000o\000r\000e\000\040\000t\000h\000e\000\040\000t\000e\000s\000t\000:\000\040\000m\000o\000s\000t\000\040\0002\0000\0002\0006\000\040\000t\000a\000r\000g\000e\000t\000s\000\040\000a\000r\000e\000\040\000a\000t\000\040\000t\000h\000e\000\040\000f\000l\000o\000o\000r\000\040\000\050\000e\000x\000p\000l\000o\000r\000a\000t\000o\000r\000y\000,\000\040\000n\000o\000t\000\040\000t\000h\000e\000\040\000t\000e\000s\000t\000\040\000o\000f\000\040\000\247\0006\000.\0006\000\051}{section*.22}% 29
\BOOKMARK [1][-]{section*.30}{\376\377\0007\000\040\000D\000i\000s\000c\000u\000s\000s\000i\000o\000n}{}% 30
\BOOKMARK [1][-]{section*.31}{\376\377\0008\000\040\000L\000i\000m\000i\000t\000a\000t\000i\000o\000n\000s}{}% 31
\BOOKMARK [2][-]{section*.32}{\376\377\0008\000.\0001\000\040\000W\000h\000a\000t\000\040\000t\000h\000e\000\040\000r\000e\000s\000u\000l\000t\000s\000\040\000c\000a\000n\000n\000o\000t\000\040\000s\000u\000p\000p\000o\000r\000t}{section*.31}% 32
\BOOKMARK [2][-]{section*.33}{\376\377\0008\000.\0002\000\040\000S\000t\000a\000t\000i\000s\000t\000i\000c\000a\000l\000\040\000l\000i\000m\000i\000t\000a\000t\000i\000o\000n\000s}{section*.31}% 33
\BOOKMARK [2][-]{section*.34}{\376\377\0008\000.\0003\000\040\000S\000c\000e\000n\000a\000r\000i\000o\000\040\000l\000i\000m\000i\000t\000a\000t\000i\000o\000n\000s}{section*.31}% 34
\BOOKMARK [2][-]{section*.35}{\376\377\0008\000.\0004\000\040\000T\000a\000r\000g\000e\000t\000\040\000a\000n\000d\000\040\000p\000r\000o\000v\000i\000d\000e\000r\000\040\000l\000i\000m\000i\000t\000a\000t\000i\000o\000n\000s}{section*.31}% 35
\BOOKMARK [2][-]{section*.36}{\376\377\0008\000.\0005\000\040\000A\000r\000t\000i\000f\000a\000c\000t\000\040\000a\000n\000d\000\040\000p\000r\000o\000c\000e\000s\000s\000\040\000l\000i\000m\000i\000t\000a\000t\000i\000o\000n\000s}{section*.31}% 36
\BOOKMARK [2][-]{section*.37}{\376\377\0008\000.\0006\000\040\000W\000h\000a\000t\000\040\000w\000o\000u\000l\000d\000\040\000c\000h\000a\000n\000g\000e\000\040\000o\000u\000r\000\040\000c\000o\000n\000c\000l\000u\000s\000i\000o\000n\000s}{section*.31}% 37
\BOOKMARK [2][-]{section*.38}{\376\377\0008\000.\0007\000\040\000H\000e\000l\000d\000-\000o\000u\000t\000\040\000a\000p\000p\000l\000i\000c\000a\000t\000i\000o\000n\000\040\000l\000i\000m\000i\000t\000s}{section*.31}% 38
\BOOKMARK [2][-]{section*.39}{\376\377\0008\000.\0008\000\040\000A\000t\000t\000a\000c\000k\000e\000r\000s\000,\000\040\000s\000e\000l\000e\000c\000t\000i\000o\000n\000\040\000a\000n\000d\000\040\000d\000e\000s\000i\000g\000n\000\040\000c\000h\000o\000i\000c\000e\000s}{section*.31}% 39
\BOOKMARK [1][-]{section*.40}{\376\377\0009\000\040\000W\000h\000a\000t\000\040\000t\000h\000e\000\040\000p\000a\000p\000e\000r\000\040\000m\000a\000y\000\040\000a\000n\000d\000\040\000m\000a\000y\000\040\000n\000o\000t\000\040\000c\000l\000a\000i\000m}{}% 40
\BOOKMARK [1][-]{section*.41}{\376\377\0001\0000\000\040\000E\000t\000h\000i\000c\000s\000,\000\040\000d\000u\000a\000l\000\040\000u\000s\000e\000,\000\040\000A\000I\000\040\000a\000s\000s\000i\000s\000t\000a\000n\000c\000e\000\040\000a\000n\000d\000\040\000r\000e\000p\000r\000o\000d\000u\000c\000i\000b\000i\000l\000i\000t\000y}{}% 41
\BOOKMARK [1][-]{section*.42}{\376\377\0001\0001\000\040\000C\000o\000n\000c\000l\000u\000s\000i\000o\000n}{}% 42
\BOOKMARK [1][-]{section*.43}{\376\377\000R\000e\000f\000e\000r\000e\000n\000c\000e\000s}{}% 43
